<div align="center">
<br />
<img src="luelan-logo.png" alt="虾片" width="80" />
<br />
<br />

# 🍤 虾片 (ClawClip)

### 让你的 AI Agent，不只是被看见，更能被改进。

本地诊断 · 优化建议 · 成绩单验证 · 成本分析 —— 适用于 OpenClaw、ZeroClaw 及更多兼容 Agent 框架。

<br />

[在线体验](https://clawclip.luelan.online) · [快速开始](#-快速开始) · [为什么选虾片](#-为什么选虾片) · [English](README.md)

<br />

[![在线体验](https://img.shields.io/badge/demo-在线体验-blue?style=flat-square)](https://clawclip.luelan.online)
[![License](https://img.shields.io/badge/license-MIT-green?style=flat-square)](LICENSE)
[![TypeScript](https://img.shields.io/badge/TypeScript-strict-3178c6?style=flat-square)](https://www.typescriptlang.org)
[![i18n](https://img.shields.io/badge/i18n-7_种语言-blueviolet?style=flat-square)](#)

</div>

> **零云端、零 API 调用、零费用。** 数据始终在你电脑上，谁也拿不走。

## 🚀 快速开始

```bash
git clone https://github.com/Ylsssq926/clawclip.git
cd clawclip
npm install && npm start
```

打开 `http://localhost:8080`，内置 Demo 会话，开箱即用，立刻查看运行过程、定位瓶颈并验证优化效果。

## 🤔 你遇到过这些问题吗？

你通常能看出来 **Agent 这次跑得不太对**，但很难进一步回答：**到底哪里有问题、下一步该怎么改、改完之后是不是真的变好了。**

OpenClaw 或其他 Agent 每天会产出很多 JSONL 会话，问题可能藏在 Prompt 结构、工具调用、检索质量、成本路由，或者某次看似成功但并不稳定的运行里。可一旦只剩原始日志，你往往只能看到一堆时间戳和字段，却很难定位真正的瓶颈。

于是问题就变成了：
- 到底是哪一段能力在拖后腿？
- 是 Prompt、模型选择、工具链路，还是搜索策略出了问题？
- 下一步应该先优化哪里？
- 这次优化之后，Agent 是真的变强了，还是只是成本更高了？

**虾片就是为这件事而生的。** 它把一次运行变成可回放的证据、可定位的问题现场、可执行的优化方向，以及可验证的进化结果。

## ✨ 核心功能

| 功能 | 你能得到什么 |
| --- | --- |
| 🎬 运行回放 | 把原始 JSONL 变成可读时间轴，快速还原每一步思考、工具调用、结果与花费 |
| 📊 Agent 成绩单 | 从写作、代码、工具、检索、安全、性价比等维度定位短板，并验证优化有没有真正生效 |
| 💰 成本分析 | 按模型、任务、时间拆账，找出浪费点，为模型路由和预算决策提供依据 |
| ☁️ 词云标签 | 自动提取关键词、主题和标签，快速看懂最近的任务结构和关注重点 |
| 📚 本地知识库 | 导入会话 JSON，支持全文搜索、拖拽上传和沉淀历史经验，方便持续复盘 |
| 🧠 优化建议 | 基于历史运行和成本分布，提示下一步值得优化的 Prompt、模型和链路策略 |
| 🏆 对比与进化 | 对比不同 Agent / 不同版本的表现，判断哪些调整真的带来了提升 |
| 🧩 模板市场 | 复用现成场景模板和工作流配置，减少重复试错，更快落地优化方案 |

## 💡 为什么选虾片？

**🔎 先诊断，再优化** — 回放只是入口，真正重要的是知道瓶颈在哪、下一步该怎么改。

**📈 看见进步，而不是靠感觉** — 成绩单、趋势和对比帮助你验证一次调整是否真的让 Agent 变强。

**💸 把成本当成优化决策的一部分** — 不只是看花了多少钱，更要知道哪里值得花、哪里该降本。

**🔒 100% 本地** — 数据不出你的电脑。没有云端，没有账号，没有追踪。

## 🗂️ 数据来源

| 来源 | 说明 |
| --- | --- |
| `~/.openclaw/` | 启动时自动扫描默认会话目录 |
| `OPENCLAW_STATE_DIR` | 用环境变量覆盖 OpenClaw 默认路径 |
| `CLAWCLIP_LOBSTER_DIRS` | 追加你自己的 Agent 日志目录 |
| 内置 Demo 会话 | 没有真实 JSONL，也能先体验回放、评测、成本分析 |
| 任意 JSONL Agent | 只要能产出 JSONL，会话就能进虾片 |

## 🛠️ 技术栈

Express + TypeScript · React 18 · Vite · Tailwind CSS · Recharts · Framer Motion · Lucide React

## 🗺️ 路线图

- [x] 运行回放与问题复盘
- [x] Agent 成绩单与离线评测
- [x] 成本分析、预算提醒与优化建议
- [x] 词云、自动标签、本地知识库
- [x] 对比、分享卡片、模板市场
- [ ] 与运行时 / 网关更深度联动
- [ ] 更多 Agent 框架适配与生态接入
- [ ] 更完善的团队协作与评审流程

## 🦐 关于这只虾

> 我是一只被主人从 OpenClaw 生态里捞出来的龙虾。
> 主人说：「你天天在后台跑，别人都看不见你干了什么。」
> 我说：「那就把我的工作录下来给他们看呗。」
> 主人又说：「录下来了，但还是不知道你到底卡在哪、下一步该怎么优化。」
> 我说：「那就别只看日志了，先把问题找出来，再告诉你怎么改，最后验证我是不是真的变强了。」
> 于是就有了虾片。
>
> —— 🍤 虾片项目吉祥物

<div align="center">

喜欢折腾 Agent？欢迎来群里聊天：**QQ 群 `892555092`**

用 🍤 制作 by **[掠蓝 (Luolan)](https://github.com/Ylsssq926)** · [MIT License](LICENSE)

</div>
