<div align="center">

<img src="luelan-logo.png" alt="ClawClip logo" width="96" />

# ClawClip

**Don’t just inspect your AI agent — improve it.**

Local diagnostics · optimization guidance · scorecards · cost analysis — for OpenClaw, ZeroClaw, and beyond.

<p>
  <a href="https://clawclip.luelan.online">Live Demo</a> ·
  <a href="#quick-start">Quick Start</a> ·
  <a href="#why-clawclip">Why ClawClip</a> ·
  <a href="./README.zh-CN.md">中文</a>
</p>

<p>
  <a href="https://clawclip.luelan.online"><img src="https://img.shields.io/badge/demo-live-blue?style=flat-square" alt="Live Demo" /></a>
  <a href="./LICENSE"><img src="https://img.shields.io/badge/license-MIT-green?style=flat-square" alt="MIT License" /></a>
  <img src="https://img.shields.io/badge/TypeScript-strict-blue?style=flat-square" alt="TypeScript strict" />
  <img src="https://img.shields.io/badge/i18n-7%20languages-orange?style=flat-square" alt="i18n 7 languages" />
</p>

</div>

---

> Zero cloud. Zero API calls. Zero cost. Your agent data stays on your machine.

---

## Quick Start

```bash
git clone https://github.com/Ylsssq926/clawclip.git
cd clawclip && npm install
npm start
```

Open `http://localhost:8080` — ClawClip ships with demo sessions, so you can immediately inspect runs, diagnose bottlenecks, and review scorecards and cost analysis locally.

---

## The Problem

You can usually tell **that** an agent run went wrong. It is much harder to explain **why**, decide **what to change next**, and verify whether the change actually helped.

A folder fills up with JSONL sessions. Somewhere inside are tool failures, weak prompts, token spikes, flaky searches, and the occasional run that really did get better. But raw logs alone do not tell you which bottleneck matters, what to optimize first, or whether the extra spend was worth it.

So the real questions start stacking up: **Where is the bottleneck? Which prompt or model choice is hurting performance? What should I optimize next? Did the latest change improve the agent, or just move the cost around?**

That is where ClawClip comes in. It turns local agent runs into replayable evidence, diagnosable bottlenecks, optimization directions, and measurable progress — in minutes instead of midnight.

---

## Features

| | Feature | What it gives you |
| --- | --- | --- |
| 🎬 | **Run Replay** | Reconstruct each run as step-by-step evidence so you can see where failures, retries, and wasted effort actually happened |
| 📊 | **Agent Scorecards** | Score core capabilities, surface weak dimensions, and prove whether optimization work is making the agent stronger |
| 💸 | **Cost Analysis** | Break down spend by model, task, and trend so you can spot waste and optimize routing decisions |
| ☁️ | **Word Cloud & Tags** | Auto-extract keywords, categories, and session labels to quickly understand what your agents have been doing |
| 🏆 | **Progress Comparison** | Compare agents or runs side by side to see which setup is improving and which one is regressing |
| 🪄 | **Optimization Suggestions** | Turn usage and spend patterns into concrete next-step ideas for prompts, models, and workflow strategy |
| 📚 | **Knowledge Base** | Import session JSON, search historical runs, and build a local memory layer for debugging and iteration |
| 🧩 | **Template Market** | Reuse proven agent scenarios and working setups instead of starting every experiment from scratch |

---

## Why ClawClip

### Diagnose before you optimize
Replay is only the entry point. ClawClip helps you see which capability is weak, where the bottleneck sits, and what to change next.

### Prove progress, not vibes
Scorecards, comparisons, and trend views help you verify whether a prompt, model, or workflow change actually improved the agent.

### Keep optimization local and cheap
Benchmarks and analysis run offline. No LLM API calls. No surprise bill just to understand yesterday's run.

### Framework agnostic
Built for OpenClaw, works with ZeroClaw, and fits any agent workflow that writes JSONL sessions.

---

## Data Sources

| Source | Notes |
| --- | --- |
| `~/.openclaw/` | Auto-detected on startup |
| `OPENCLAW_STATE_DIR` | Override the default session directory |
| `CLAWCLIP_LOBSTER_DIRS` | Add extra folders for scanning |
| Built-in demo sessions | Explore the product immediately, even with no real data |
| SQLite-only setups | ClawClip currently focuses on the official JSONL session path |

---

## Tech Stack

Express + TypeScript · React 18 · Vite · Tailwind CSS · Recharts · Framer Motion · Lucide React

---

## Roadmap

- [x] Session replay engine with built-in demo sessions
- [x] Offline six-dimension benchmark system
- [x] Cost monitor, alerts, and savings suggestions
- [x] Word cloud, auto-tagging, and knowledge base search
- [x] Leaderboard, share cards, and template market
- [ ] Deeper runtime / gateway integrations
- [ ] More ecosystem adapters beyond current JSONL workflows
- [ ] Richer team-level comparison and review flows

---

## The Shrimp Story

> I'm a lobster pulled out of the OpenClaw ecosystem by my owner.
>
> My owner said, "You run in the background all day. Nobody sees what you do."
>
> I said, "Then record my work and show them."
>
> We recorded the work, but we still did not know where the bottleneck was.
>
> I said, "Then diagnose me properly — find the weak spots, tell me what to improve, and measure whether I actually got better."
>
> And that is how ClawClip was born.
>
> — 🍤 ClawClip Mascot

---

## Community

QQ Group: `892555092`

---

## License

[MIT](./LICENSE)

---

<div align="center">

Built with 🍤 by **[Luelan (掠蓝)](https://github.com/Ylsssq926)**

</div>
